# bi
# x	@	@A	A	B	steps
0.000000e+00	1.976197e-14	1.000000e-00	1.000000e+05	0.000000e+00	0
4.353186e-04	2.222222e-03	9.977778e-01	1.000000e+05	9.664599e-02	1
1.000139e-01	2.222222e-03	9.977778e-01	9.989543e+04	5.238213e+01	1624
1.000210e+00	2.222222e-03	9.977778e-01	9.893515e+04	5.325194e+02	16528
2.000385e+00	2.222222e-03	9.977778e-01	9.782566e+04	1.087267e+03	33748
