# complex
# x	@	@@@D	@@A	@B	@C	@E	A	B	C	E	steps
0.000000e+00	1.000000e+00	0.000000e+00	0.000000e+00	0.000000e+00	0.000000e+00	0.000000e+00	1.000000e+05	1.000000e+05	0.000000e+00	0.000000e+00	0
1.000034e-01	2.000000e-04	2.810000e-02	2.295000e-01	3.162000e-01	3.380000e-02	1.065000e-01	9.964310e+04	9.958325e+04	1.751363e+02	4.636937e+02	94930
2.000006e-01	2.000000e-04	2.670000e-02	2.231000e-01	3.211000e-01	3.530000e-02	1.171000e-01	9.945450e+04	9.938685e+04	3.671167e+02	1.038323e+03	187138
3.000015e-01	1.000000e-04	2.900000e-02	2.235000e-01	3.192000e-01	3.410000e-02	1.126000e-01	9.926570e+04	9.919963e+04	5.564738e+02	1.602252e+03	278446
4.000014e-01	1.000000e-04	2.730000e-02	2.273000e-01	3.199000e-01	3.420000e-02	1.093000e-01	9.907689e+04	9.901297e+04	7.425864e+02	2.166596e+03	370247
