chimp 0.1
Copyright (C) 2004 David Dooling <banjo@users.sourceforge.net>

There is ABSOLUTELY NO WARRANTY; see file COPYING for details.
This is free software, and you are welcome to redistribute it
under certain conditions; see file COPYING for details.

Report bugs to http://sourceforge.net/projects/chimp/.
chimp: performing task event.coverage.par... completed; 0u 0s 0w
chimp: performing task event_coverage... completed; 0.74u 0.01s 0.75w
chimp: performing task event.event.par... completed; 0u 0s 0w
chimp: performing task event_event... completed; 0.74u 0s 0.74w
