# liquid
# x	A	B	C	D	E	steps
0.000000e+00	1.000000e+03	1.000000e+03	0.000000e+00	0.000000e+00	0.000000e+00	0
1.000003e+02	9.785925e+02	9.785925e+02	2.075825e+01	6.492712e-01	0.000000e+00	132829
2.000006e+02	9.580463e+02	9.580463e+02	3.950126e+01	2.449795e+00	1.328432e-03	267420
3.000010e+02	9.383194e+02	9.383194e+02	5.629015e+01	5.379486e+00	5.479783e-03	403911
4.000004e+02	9.195369e+02	9.195369e+02	7.121907e+01	9.214171e+00	1.494486e-02	540229
5.000005e+02	9.013903e+02	9.013903e+02	8.466198e+01	1.388394e+01	3.188237e-02	677836
