# multi
# x	@	@@@A	A	B	steps
0.000000e+00	5.500000e-01	1.500000e-01	1.000000e+05	0.000000e+00	0
1.002653e-03	4.866667e-01	1.711111e-01	9.931683e+04	6.054437e+02	315
1.000142e-02	4.866667e-01	1.711111e-01	9.383511e+04	6.087163e+03	2997
2.000110e-02	4.900000e-01	1.700000e-01	8.790340e+04	1.202297e+04	5904
