chimp 0.1
Copyright (C) 2004 David Dooling <banjo@users.sourceforge.net>

There is ABSOLUTELY NO WARRANTY; see file COPYING for details.
This is free software, and you are welcome to redistribute it
under certain conditions; see file COPYING for details.

Report bugs to http://sourceforge.net/projects/chimp/.
chimp: performing task scale.par... completed; 0u 0s 0w
chimp: performing task scale_19... completed; 0.65u 0s 0.65w
chimp: performing task scale_18... completed; 6.42u 0s 6.42w
chimp: performing task scale_18v1... completed; 0.65u 0s 0.65w
