chimp 0.1
Copyright (C) 2004 David Dooling <banjo@users.sourceforge.net>

There is ABSOLUTELY NO WARRANTY; see file COPYING for details.
This is free software, and you are welcome to redistribute it
under certain conditions; see file COPYING for details.

Report bugs to http://sourceforge.net/projects/chimp/.
chimp: performing task set.par... completed; 0u 0s 0w
chimp: performing task set... completed; 2.13u 0.01s 2.13w
chimp: performing task set.par... completed; 0u 0s 0w
chimp: performing task set... completed; 2.09u 0s 2.1w
