chimp 0.1
Copyright (C) 2004 David Dooling <banjo@users.sourceforge.net>

There is ABSOLUTELY NO WARRANTY; see file COPYING for details.
This is free software, and you are welcome to redistribute it
under certain conditions; see file COPYING for details.

Report bugs to http://sourceforge.net/projects/chimp/.
chimp: performing task tpd.par... completed; 0u 0s 0w
chimp: performing task tpd... completed; 2.96u 0.02s 2.98w
chimp: performing task tpd.par... completed; 0u 0s 0w
chimp: performing task tpd_explicit... completed; 3.05u 0s 3.05w
